2026-03-04 11:02:21,334 INFO:main.py:240:print_splash_screen:PDB2PQR v3.6.2: biomolecular structure conversion software.
2026-03-04 11:02:21,334 INFO:main.py:242:print_splash_screen:Please cite:  Jurrus E, et al.  Improvements to the APBS biomolecular solvation software suite.  Protein Sci 27 112-128 (2018).
2026-03-04 11:02:21,334 INFO:main.py:242:print_splash_screen:Please cite:  Dolinsky TJ, et al.  PDB2PQR: expanding and upgrading automated preparation of biomolecular structures for molecular simulations. Nucleic Acids Res 35 W522-W525 (2007).
2026-03-04 11:02:21,334 INFO:main.py:768:main_driver:Checking and transforming input arguments.
2026-03-04 11:02:21,334 INFO:main.py:772:main_driver:Loading topology files.
2026-03-04 11:02:21,376 INFO:main.py:774:main_driver:Loading molecule: output.pdb
2026-03-04 11:02:21,560 INFO:main.py:779:main_driver:Setting up molecule.
2026-03-04 11:02:21,806 INFO:main.py:417:setup_molecule:Created biomolecule object with 2886 residues and 46662 atoms.
2026-03-04 11:02:21,809 INFO:main.py:783:main_driver:Setting termini states for biomolecule chains.
2026-03-04 11:02:21,896 INFO:main.py:613:non_trivial:Loading forcefield.
2026-03-04 11:02:21,901 INFO:main.py:617:non_trivial:Loading hydrogen topology definitions.
2026-03-04 11:02:21,917 INFO:main.py:468:is_repairable:This biomolecule is clean.  No repair needed.
2026-03-04 11:02:21,917 INFO:main.py:632:non_trivial:Updating disulfide bridges.
2026-03-04 11:02:21,936 INFO:main.py:635:non_trivial:Debumping biomolecule.
2026-03-04 11:02:22,825 INFO:main.py:658:non_trivial:Adding hydrogens to biomolecule.
2026-03-04 11:02:22,841 INFO:main.py:661:non_trivial:Debumping biomolecule (again).
2026-03-04 11:02:23,832 WARNING:debump.py:172:debump_biomolecule:WARNING: Unable to debump ASN B 1605
2026-03-04 11:02:23,929 WARNING:debump.py:172:debump_biomolecule:WARNING: Unable to debump ASN C 2244
2026-03-04 11:02:24,036 WARNING:debump.py:172:debump_biomolecule:WARNING: Unable to debump ASN E 327
2026-03-04 11:02:24,037 INFO:main.py:663:non_trivial:Optimizing hydrogen bonds
2026-03-04 11:02:24,037 INFO:__init__.py:370:initialize_wat_optimization:Initializing water bonding optimization...
2026-03-04 11:02:24,869 INFO:main.py:675:non_trivial:Applying force field to biomolecule states.
2026-03-04 11:02:24,912 INFO:main.py:722:non_trivial:Regenerating headers.
2026-03-04 11:02:24,919 INFO:main.py:747:non_trivial:Regenerating PDB lines.
2026-03-04 11:02:25,103 WARNING:main.py:320:print_pqr:Ignoring 900 header lines in output.
2026-03-04 11:02:25,103 WARNING:main.py:324:print_pqr:Ignoring 4 missing lines in output.
